// Jest Snapshot v1, https://goo.gl/fbAQLP

exports[`Render Correctly 1`] = `
<RCTSafeAreaView
  emulateUnlessSupported={true}
  style={
    Object {
      "flex": 1,
    }
  }
>
  <Text
    style={
      Object {
        "alignSelf": "center",
        "color": "#567567",
        "fontSize": 24,
        "fontWeight": "bold",
      }
    }
  >
    Posts
  </Text>
  <View
    style={
      Object {
        "alignSelf": "center",
        "backgroundColor": "#234678",
        "borderRadius": 10,
        "marginVertical": 25,
        "padding": 20,
        "width": "80%",
      }
    }
  >
    <TextInput
      allowFontScaling={true}
      onChangeText={[Function]}
      placeholder="Search"
      placeholderTextColor="#fff"
      rejectResponderTermination={true}
      style={
        Object {
          "color": "#fff",
          "fontSize": 16,
          "fontWeight": "600",
        }
      }
      testID="SearchBar"
      underlineColorAndroid="transparent"
      value=""
    />
  </View>
  <RCTScrollView
    ListFooterComponent={[Function]}
    data={Array []}
    disableVirtualization={false}
    getItem={[Function]}
    getItemCount={[Function]}
    horizontal={false}
    initialNumToRender={10}
    keyExtractor={[Function]}
    maxToRenderPerBatch={10}
    onContentSizeChange={[Function]}
    onEndReachedThreshold={2}
    onLayout={[Function]}
    onMomentumScrollEnd={[Function]}
    onScroll={[Function]}
    onScrollBeginDrag={[Function]}
    onScrollEndDrag={[Function]}
    removeClippedSubviews={false}
    renderItem={[Function]}
    scrollEventThrottle={50}
    stickyHeaderIndices={Array []}
    updateCellsBatchingPeriod={50}
    viewabilityConfigCallbackPairs={Array []}
    windowSize={21}
  >
    <View>
      <View
        onLayout={[Function]}
      />
    </View>
  </RCTScrollView>
</RCTSafeAreaView>
`;
